j8f661sdq_flc.fits,9476,8F6,61,510.0,CLEAR1L;F814W,WFC,/ifs/operations/hst/public/j8f6/j8f661sdq/j8f661sdq_flc.fits
j8f661seq_flc.fits,9476,8F6,61,510.0,CLEAR1L;F814W,WFC,/ifs/operations/hst/public/j8f6/j8f661seq/j8f661seq_flc.fits
j8f661shq_flc.fits,9476,8F6,61,510.0,CLEAR1L;F814W,WFC,/ifs/operations/hst/public/j8f6/j8f661shq/j8f661shq_flc.fits
j8f661sjq_flc.fits,9476,8F6,61,510.0,CLEAR1L;F814W,WFC,/ifs/operations/hst/public/j8f6/j8f661sjq/j8f661sjq_flc.fits
